// Jest Snapshot v1, https://goo.gl/fbAQLP

exports[`Calls service to get one task Gets one task successfully 1`] = `
Object {
  "category": null,
  "createdAt": Any<String>,
  "deleted": false,
  "description": "description1",
  "dueDate": "2099-01-1",
  "id": Any<String>,
  "status": "PENDING",
  "subTasksIds": Array [],
  "title": "title1",
  "updatedAt": Any<String>,
}
`;

exports[`Calls service to get one task Gets tasks with existing category 1`] = `
Object {
  "category": null,
  "createdAt": Any<String>,
  "deleted": false,
  "description": "description1",
  "dueDate": "2099-01-1",
  "id": Any<String>,
  "status": "PENDING",
  "subTasksIds": Array [],
  "title": "title1",
  "updatedAt": Any<String>,
}
`;
